// Jest Snapshot v1, https://goo.gl/fbAQLP

exports[`_default Se pinta correctamente 1`] = `
"<section class=\\"todoapp\\"><header class=\\"header\\">
    <h1>todos</h1>
    <input class=\\"new-todo\\" placeholder=\\"What needs to be done?\\" autofocus=\\"\\">
  </header><section class=\\"main\\"><div class=\\"todo-list\\"><li data-id=\\"1\\">
    <div class=\\"view\\">
      <label>todo 1</label>
      <button class=\\"destroy\\"></button>
    </div>
  </li><li data-id=\\"2\\">
    <div class=\\"view\\">
      <label>todo 2</label>
      <button class=\\"destroy\\"></button>
    </div>
  </li></div></section><footer class=\\"footer\\"><span class=\\"todo-count\\"><strong>2</strong> todo</span></footer></section>"
`;
